2025-03-19 19:00:00 | DEBUG | repo=Sogbi-sama | action=commit
2025-02-01 11:15:00 | DEBUG | repo=Sogbi-sama | action=edit | files=3
2025-11-20 19:20:00 | WARN | repo=Sogbi-sama | action=commit
2025-04-13 13:25:00 | INFO | repo=Sogbi-sama | action=commit
2025-07-09 20:48:00 | DEBUG | repo=Sogbi-sama | action=commit
2025-02-07 08:20:00 | INFO | repo=Sogbi-sama | action=pull
2025-11-12 21:02:00 | WARN | repo=Sogbi-sama | action=commit
2025-07-07 20:35:00 | DEBUG | repo=Sogbi-sama | action=commit
2025-11-11 15:41:00 | DEBUG | repo=Sogbi-sama | action=test | passed=true
2025-03-10 19:07:00 | WARN | repo=Sogbi-sama | action=edit | files=5
2025-03-17 11:53:00 | WARN | repo=Sogbi-sama | action=commit
2025-05-25 17:44:00 | DEBUG | repo=Sogbi-sama | action=test | passed=true
2025-11-18 11:55:00 | INFO | repo=Sogbi-sama | action=commit
2025-03-20 17:08:00 | DEBUG | repo=Sogbi-sama | action=commit
2025-01-04 07:39:00 | DEBUG | repo=Sogbi-sama | action=commit
2025-12-25 11:12:00 | DEBUG | repo=Sogbi-sama | action=commit
2025-06-23 09:07:00 | WARN | repo=Sogbi-sama | action=commit
2025-11-21 08:27:00 | INFO | repo=Sogbi-sama | action=commit
2025-12-06 07:17:00 | DEBUG | repo=Sogbi-sama | action=edit | files=5
2025-07-24 19:45:00 | WARN | repo=Sogbi-sama | action=commit
2025-11-28 07:58:00 | INFO | repo=Sogbi-sama | action=commit
2025-01-10 21:38:00 | INFO | repo=Sogbi-sama | action=test | passed=true
2025-04-21 08:58:00 | WARN | repo=Sogbi-sama | action=commit
2025-06-08 17:19:00 | WARN | repo=Sogbi-sama | action=commit
2025-11-20 20:19:00 | INFO | repo=Sogbi-sama | action=commit
2025-08-15 14:34:00 | DEBUG | repo=Sogbi-sama | action=commit
2025-11-11 21:27:00 | INFO | repo=Sogbi-sama | action=commit
2025-02-07 21:14:00 | INFO | repo=Sogbi-sama | action=commit
2025-11-02 11:37:00 | INFO | repo=Sogbi-sama | action=commit
2025-05-17 17:53:00 | DEBUG | repo=Sogbi-sama | action=commit
2025-11-23 07:02:00 | WARN | repo=Sogbi-sama | action=commit
2025-11-27 13:36:00 | WARN | repo=Sogbi-sama | action=commit
2025-12-10 09:27:00 | WARN | repo=Sogbi-sama | action=commit
2025-02-21 18:43:00 | WARN | repo=Sogbi-sama | action=commit
2025-04-11 14:35:00 | WARN | repo=Sogbi-sama | action=commit
